ID:1710614442.54972 2024-1-1 8:0 "2024-1-1 8:0 Event"
ID:1710614505.0328 2024-12-31 8:0 "2024-12-31 8:0 Event"
ID:1710614540.84997 2025-1-1 8:0 "2025-1-1 8:0 Event"
ID:1710614562.46216 2023-12-31 8:0 "2023-12-31 8:0 Event"
ID:1710614585.392 2024-10-2 8:0 "2024-10-2 8:0 Event"
ID:1710614595.32382 2024-1-2 8:0 "2024-1-2 8:0 Event"
ID:1710614601.14096 2024-1-3 8:0 "2024-1-3 8:0 Event"
ID:1710614611.4801 2024-1-10 8:0 "2024-1-10 8:0 Event"
ID:1710614617.98017 2024-1-28 8:0 "2024-1-28 8:0 Event"
ID:1710614621.73908 2024-1-29 8:0 "2024-1-29 8:0 Event"
ID:1710614625.89897 2024-1-31 8:0 "2024-1-31 8:0 Event"
ID:1710614631.55388 2024-1-31 8:0 "2024-1-31 8:0 Event"
ID:1710614639.60427 2024-2-1 8:0 "2024-2-1 8:0 Event"
ID:1710614643.5776 2024-2-2 8:0 "2024-2-2 8:0 Event"
ID:1710614646.97159 2024-2-3 8:0 "2024-2-3 8:0 Event"
ID:1710614656.78347 2024-2-26 8:0 "2024-2-26 8:0 Event"
ID:1710614660.58949 2024-2-27 8:0 "2024-2-27 8:0 Event"
ID:1710614664.4915 2024-2-28 8:0 "2024-2-28 8:0 Event"
ID:1710614668.16907 2024-2-29 8:0 "2024-2-29 8:0 Event"
ID:1710614677.70246 2024-3-1 8:0 "2024-3-1 8:0 Event"
ID:1710614681.45356 2024-3-2 8:0 "2024-3-2 8:0 Event"
ID:1710614685.30936 2024-3-3 8:0 "2024-3-3 8:0 Event"
ID:1710614693.08668 2024-3-7 8:0 "2024-3-7 8:0 Event"
ID:1710614697.19873 2024-3-12 8:0 "2024-3-12 8:0 Event"
ID:1710614701.06092 2024-3-19 8:0 "2024-3-19 8:0 Event"
ID:1710614705.2346 2024-3-23 8:0 "2024-3-23 8:0 Event"
ID:1710614709.75864 2024-3-30 8:0 "2024-3-30 8:0 Event"
ID:1710614716.95034 2024-4-5 8:0 "2024-4-5 8:0 Event"
ID:1710614721.21963 2024-4-12 8:0 "2024-4-12 8:0 Event"
SNOOZE ID:1710614721.21964 2024-6-1 8:0 "2024-4-12 8:0 Event"
SNOOZE ID:1710614721.21965 2024-6-12 8:0 "2024-4-12 8:0 Event"
SNOOZE ID:1710614721.21966 2024-6-30 8:0 "2024-4-12 8:0 Event"
SNOOZE ID:1710614721.21967 2024-12-31 8:0 "2024-4-12 8:0 Event"
SNOOZE ID:1710614721.21968 2025-1-1 8:0 "2024-4-12 8:0 Event"
ID:1711146094.6305861 2024-8-1 8:0 "2024-8-1 8:0 Event"
ID:1711146094.6305862 2024-8-2 10:0 "2024-8-2 10:0 Event"
ID:1711146094.6305863 2024-8-3 9:45 "2024-8-3 10:0 Event"
ID:1711146094.6305864 2024-8-4 10:0 "2024-8-4 10:0 Event"
ID:1711146094.6305864 2024-8-11 10:0 "2024-8-11 10:0 Event"
ID:1711146094.6305864 2024-8-18 10:0 "2024-8-18 10:0 Event"
ID:1711146094.6305865 2024-8-5 9:55 "2024-8-5 11:0 Event"
ID:1711146094.6305865 2024-8-12 9:55 "2024-8-12 11:0 Event"
ID:1711146094.6305865 2024-8-19 9:55 "2024-8-19 11:0 Event"
ID:1711146094.6305866 2024-8-6 9:55 "2024-8-6 11:0 Event"
ID:1711146094.6305866 2024-8-20 9:55 "2024-8-20 11:0 Event"
ID:1711146094.6305866 2024-9-3 9:55 "2024-9-3 11:0 Event"
ID:1711146094.6305867 2024-8-7 9:55 "2024-8-7 11:0 Event"
ID:1711146094.6305867 2024-9-7 9:55 "2024-9-7 11:0 Event"
ID:1711146094.6305867 2024-10-7 9:55 "2024-10-7 11:0 Event"
ID:1711146094.6305868 2024-8-8 9:55 "2024-8-8 11:0 Event"
ID:1711146094.6305868 2025-8-8 9:55 "2025-8-8 11:0 Event"
ID:1711146094.6305868 2026-8-8 9:55 "2026-8-8 11:0 Event"
